18:20:16 **** Incremental Build of configuration Debug for project NixieTubeClock_STM32F1 ****
make -j4 all 
arm-none-eabi-size   NixieTubeClock_STM32F1.elf 
   text	   data	    bss	    dec	    hex	filename
   7964	     20	   2556	  10540	   292c	NixieTubeClock_STM32F1.elf
Finished building: default.size.stdout
 
18:20:20 **** Incremental Build of configuration Debug for project NixieTubeClock_STM32F1 ****
make -j4 all 
arm-none-eabi-size   NixieTubeClock_STM32F1.elf 
   text	   data	    bss	    dec	    hex	filename
   7964	     20	   2556	  10540	   292c	NixieTubeClock_STM32F1.elf
Finished building: default.size.stdout
 
